// Jest Snapshot v1, https://goo.gl/fbAQLP

exports[`<ReactMessages /> should render itself 1`] = `
ShallowWrapper {
  "length": 1,
  Symbol(enzyme.__root__): [Circular],
  Symbol(enzyme.__unrendered__): <ReactMessages
    duration={2000}
    error={false}
    icon="heart"
    message="Just a fake message"
    next={true}
  />,
  Symbol(enzyme.__renderer__): Object {
    "batchedUpdates": [Function],
    "getNode": [Function],
    "render": [Function],
    "simulateEvent": [Function],
    "unmount": [Function],
  },
  Symbol(enzyme.__node__): Object {
    "instance": null,
    "key": undefined,
    "nodeType": "host",
    "props": Object {
      "children": <p
        className="rm-item "
      >
        <span
          className="rm-txt icon-rm-heart"
        />
        <span
          className="rm-txt"
        >
          Just a fake message
        </span>
      </p>,
      "className": "rm-wrapper",
    },
    "ref": null,
    "rendered": Object {
      "instance": null,
      "key": undefined,
      "nodeType": "host",
      "props": Object {
        "children": Array [
          <span
            className="rm-txt icon-rm-heart"
          />,
          <span
            className="rm-txt"
          >
            Just a fake message
          </span>,
        ],
        "className": "rm-item ",
      },
      "ref": null,
      "rendered": Array [
        Object {
          "instance": null,
          "key": undefined,
          "nodeType": "host",
          "props": Object {
            "className": "rm-txt icon-rm-heart",
          },
          "ref": null,
          "rendered": null,
          "type": "span",
        },
        Object {
          "instance": null,
          "key": undefined,
          "nodeType": "host",
          "props": Object {
            "children": "Just a fake message",
            "className": "rm-txt",
          },
          "ref": null,
          "rendered": "Just a fake message",
          "type": "span",
        },
      ],
      "type": "p",
    },
    "type": "div",
  },
  Symbol(enzyme.__nodes__): Array [
    Object {
      "instance": null,
      "key": undefined,
      "nodeType": "host",
      "props": Object {
        "children": <p
          className="rm-item "
        >
          <span
            className="rm-txt icon-rm-heart"
          />
          <span
            className="rm-txt"
          >
            Just a fake message
          </span>
        </p>,
        "className": "rm-wrapper",
      },
      "ref": null,
      "rendered": Object {
        "instance": null,
        "key": undefined,
        "nodeType": "host",
        "props": Object {
          "children": Array [
            <span
              className="rm-txt icon-rm-heart"
            />,
            <span
              className="rm-txt"
            >
              Just a fake message
            </span>,
          ],
          "className": "rm-item ",
        },
        "ref": null,
        "rendered": Array [
          Object {
            "instance": null,
            "key": undefined,
            "nodeType": "host",
            "props": Object {
              "className": "rm-txt icon-rm-heart",
            },
            "ref": null,
            "rendered": null,
            "type": "span",
          },
          Object {
            "instance": null,
            "key": undefined,
            "nodeType": "host",
            "props": Object {
              "children": "Just a fake message",
              "className": "rm-txt",
            },
            "ref": null,
            "rendered": "Just a fake message",
            "type": "span",
          },
        ],
        "type": "p",
      },
      "type": "div",
    },
  ],
  Symbol(enzyme.__options__): Object {
    "adapter": ReactSixteenAdapter {
      "options": Object {
        "enableComponentDidUpdateOnSetState": true,
      },
    },
  },
}
`;
